This is pdfTeX, Version 3.141592653-2.6-1.40.27 (TeX Live 2025) (preloaded format=pdflatex 2025.3.8)  26 JUN 2026 18:10
entering extended mode
 restricted \write18 enabled.
 %&-line parsing enabled.
**stillwell2026b_ecological_inference_structured_erm.tex
(./stillwell2026b_ecological_inference_structured_erm.tex
LaTeX2e <2024-11-01> patch level 2
L3 programming layer <2025-01-18>
(/usr/local/texlive/2025basic/texmf-dist/tex/latex/base/article.cls
Document Class: article 2024/06/29 v1.4n Standard LaTeX document class
(/usr/local/texlive/2025basic/texmf-dist/tex/latex/base/size11.clo
File: size11.clo 2024/06/29 v1.4n Standard LaTeX file (size option)
)
\c@part=\count196
\c@section=\count197
\c@subsection=\count198
\c@subsubsection=\count199
\c@paragraph=\count266
\c@subparagraph=\count267
\c@figure=\count268
\c@table=\count269
\abovecaptionskip=\skip49
\belowcaptionskip=\skip50
\bibindent=\dimen141
)
(./jmlr2e.sty
Document Style `jmlr'.
(/usr/local/texlive/2025basic/texmf-dist/tex/latex/graphics/epsfig.sty
Package: epsfig 2024/01/14 v1.7b (e)psfig emulation (SPQR)

(/usr/local/texlive/2025basic/texmf-dist/tex/latex/graphics/graphicx.sty
Package: graphicx 2021/09/16 v1.2d Enhanced LaTeX Graphics (DPC,SPQR)

(/usr/local/texlive/2025basic/texmf-dist/tex/latex/graphics/keyval.sty
Package: keyval 2022/05/29 v1.15 key=value parser (DPC)
\KV@toks@=\toks17
)
(/usr/local/texlive/2025basic/texmf-dist/tex/latex/graphics/graphics.sty
Package: graphics 2024/08/06 v1.4g Standard LaTeX Graphics (DPC,SPQR)

(/usr/local/texlive/2025basic/texmf-dist/tex/latex/graphics/trig.sty
Package: trig 2023/12/02 v1.11 sin cos tan (DPC)
)
(/usr/local/texlive/2025basic/texmf-dist/tex/latex/graphics-cfg/graphics.cfg
File: graphics.cfg 2016/06/04 v1.11 sample graphics configuration
)
Package graphics Info: Driver file: pdftex.def on input line 106.

(/usr/local/texlive/2025basic/texmf-dist/tex/latex/graphics-def/pdftex.def
File: pdftex.def 2024/04/13 v1.2c Graphics/color driver for pdftex
))
\Gin@req@height=\dimen142
\Gin@req@width=\dimen143
)
\epsfxsize=\dimen144
\epsfysize=\dimen145
)
(/usr/local/texlive/2025basic/texmf-dist/tex/latex/amsfonts/amssymb.sty
Package: amssymb 2013/01/14 v3.01 AMS font symbols

(/usr/local/texlive/2025basic/texmf-dist/tex/latex/amsfonts/amsfonts.sty
Package: amsfonts 2013/01/14 v3.01 Basic AMSFonts support
\@emptytoks=\toks18
\symAMSa=\mathgroup4
\symAMSb=\mathgroup5
LaTeX Font Info:    Redeclaring math symbol \hbar on input line 98.
LaTeX Font Info:    Overwriting math alphabet `\mathfrak' in version `bold'
(Font)                  U/euf/m/n --> U/euf/b/n on input line 106.
))
(/usr/local/texlive/2025basic/texmf-dist/tex/latex/natbib/natbib.sty
Package: natbib 2010/09/13 8.31b (PWD, AO)
\bibhang=\skip51
\bibsep=\skip52
LaTeX Info: Redefining \cite on input line 694.
\c@NAT@ctr=\count270
)
(/usr/local/texlive/2025basic/texmf-dist/tex/latex/hyperref/hyperref.sty
Package: hyperref 2024-11-05 v7.01l Hypertext links for LaTeX

(/usr/local/texlive/2025basic/texmf-dist/tex/generic/iftex/iftex.sty
Package: iftex 2024/12/12 v1.0g TeX engine tests
)
(/usr/local/texlive/2025basic/texmf-dist/tex/latex/kvsetkeys/kvsetkeys.sty
Package: kvsetkeys 2022-10-05 v1.19 Key value parser (HO)
)
(/usr/local/texlive/2025basic/texmf-dist/tex/generic/kvdefinekeys/kvdefinekeys.
sty
Package: kvdefinekeys 2019-12-19 v1.6 Define keys (HO)
)
(/usr/local/texlive/2025basic/texmf-dist/tex/generic/pdfescape/pdfescape.sty
Package: pdfescape 2019/12/09 v1.15 Implements pdfTeX's escape features (HO)

(/usr/local/texlive/2025basic/texmf-dist/tex/generic/ltxcmds/ltxcmds.sty
Package: ltxcmds 2023-12-04 v1.26 LaTeX kernel commands for general use (HO)
)
(/usr/local/texlive/2025basic/texmf-dist/tex/generic/pdftexcmds/pdftexcmds.sty
Package: pdftexcmds 2020-06-27 v0.33 Utility functions of pdfTeX for LuaTeX (HO
)

(/usr/local/texlive/2025basic/texmf-dist/tex/generic/infwarerr/infwarerr.sty
Package: infwarerr 2019/12/03 v1.5 Providing info/warning/error messages (HO)
)
Package pdftexcmds Info: \pdf@primitive is available.
Package pdftexcmds Info: \pdf@ifprimitive is available.
Package pdftexcmds Info: \pdfdraftmode found.
)) (/usr/local/texlive/2025basic/texmf-dist/tex/latex/hycolor/hycolor.sty
Package: hycolor 2020-01-27 v1.10 Color options for hyperref/bookmark (HO)
)
(/usr/local/texlive/2025basic/texmf-dist/tex/latex/hyperref/nameref.sty
Package: nameref 2023-11-26 v2.56 Cross-referencing by name of section

(/usr/local/texlive/2025basic/texmf-dist/tex/latex/refcount/refcount.sty
Package: refcount 2019/12/15 v3.6 Data extraction from label references (HO)
)
(/usr/local/texlive/2025basic/texmf-dist/tex/generic/gettitlestring/gettitlestr
ing.sty
Package: gettitlestring 2019/12/15 v1.6 Cleanup title references (HO)

(/usr/local/texlive/2025basic/texmf-dist/tex/latex/kvoptions/kvoptions.sty
Package: kvoptions 2022-06-15 v3.15 Key value format for package options (HO)
))
\c@section@level=\count271
)
(/usr/local/texlive/2025basic/texmf-dist/tex/latex/etoolbox/etoolbox.sty
Package: etoolbox 2025/02/11 v2.5l e-TeX tools for LaTeX (JAW)
\etb@tempcnta=\count272
)
(/usr/local/texlive/2025basic/texmf-dist/tex/generic/stringenc/stringenc.sty
Package: stringenc 2019/11/29 v1.12 Convert strings between diff. encodings (HO
)
)
\@linkdim=\dimen146
\Hy@linkcounter=\count273
\Hy@pagecounter=\count274

(/usr/local/texlive/2025basic/texmf-dist/tex/latex/hyperref/pd1enc.def
File: pd1enc.def 2024-11-05 v7.01l Hyperref: PDFDocEncoding definition (HO)
Now handling font encoding PD1 ...
... no UTF-8 mapping file for font encoding PD1
)
(/usr/local/texlive/2025basic/texmf-dist/tex/generic/intcalc/intcalc.sty
Package: intcalc 2019/12/15 v1.3 Expandable calculations with integers (HO)
)
\Hy@SavedSpaceFactor=\count275

(/usr/local/texlive/2025basic/texmf-dist/tex/latex/hyperref/puenc.def
File: puenc.def 2024-11-05 v7.01l Hyperref: PDF Unicode definition (HO)
Now handling font encoding PU ...
... no UTF-8 mapping file for font encoding PU
)
Package hyperref Info: Option `colorlinks' set `false' on input line 4040.
Package hyperref Info: Hyper figures OFF on input line 4157.
Package hyperref Info: Link nesting OFF on input line 4162.
Package hyperref Info: Hyper index ON on input line 4165.
Package hyperref Info: Plain pages OFF on input line 4172.
Package hyperref Info: Backreferencing OFF on input line 4177.
Package hyperref Info: Implicit mode ON; LaTeX internals redefined.
Package hyperref Info: Bookmarks ON on input line 4424.
\c@Hy@tempcnt=\count276

(/usr/local/texlive/2025basic/texmf-dist/tex/latex/url/url.sty
\Urlmuskip=\muskip17
Package: url 2013/09/16  ver 3.4  Verb mode for urls, etc.
)
LaTeX Info: Redefining \url on input line 4763.
\XeTeXLinkMargin=\dimen147

(/usr/local/texlive/2025basic/texmf-dist/tex/generic/bitset/bitset.sty
Package: bitset 2019/12/09 v1.3 Handle bit-vector datatype (HO)

(/usr/local/texlive/2025basic/texmf-dist/tex/generic/bigintcalc/bigintcalc.sty
Package: bigintcalc 2019/12/15 v1.5 Expandable calculations on big integers (HO
)
))
\Fld@menulength=\count277
\Field@Width=\dimen148
\Fld@charsize=\dimen149
Package hyperref Info: Hyper figures OFF on input line 6042.
Package hyperref Info: Link nesting OFF on input line 6047.
Package hyperref Info: Hyper index ON on input line 6050.
Package hyperref Info: backreferencing OFF on input line 6057.
Package hyperref Info: Link coloring OFF on input line 6062.
Package hyperref Info: Link coloring with OCG OFF on input line 6067.
Package hyperref Info: PDF/A mode OFF on input line 6072.
 (/usr/local/texlive/2025basic/texmf-dist/tex/latex/base/atbegshi-ltx.sty
Package: atbegshi-ltx 2021/01/10 v1.0c Emulation of the original atbegshi
package with kernel methods
)
\Hy@abspage=\count278
\c@Item=\count279
\c@Hfootnote=\count280
)
Package hyperref Info: Driver (autodetected): hpdftex.

(/usr/local/texlive/2025basic/texmf-dist/tex/latex/hyperref/hpdftex.def
File: hpdftex.def 2024-11-05 v7.01l Hyperref driver for pdfTeX

(/usr/local/texlive/2025basic/texmf-dist/tex/latex/base/atveryend-ltx.sty
Package: atveryend-ltx 2020/08/19 v1.0a Emulation of the original atveryend pac
kage
with kernel methods
)
\Fld@listcount=\count281
\c@bookmark@seq@number=\count282

(/usr/local/texlive/2025basic/texmf-dist/tex/latex/rerunfilecheck/rerunfilechec
k.sty
Package: rerunfilecheck 2022-07-10 v1.10 Rerun checks for auxiliary files (HO)

(/usr/local/texlive/2025basic/texmf-dist/tex/generic/uniquecounter/uniquecounte
r.sty
Package: uniquecounter 2019/12/15 v1.4 Provide unlimited unique counter (HO)
)
Package uniquecounter Info: New unique counter `rerunfilecheck' on input line 2
85.
)
\Hy@SectionHShift=\skip53
)
\aftertitskip=\skip54
\beforetitskip=\skip55
\interauthorskip=\skip56
\aftermaketitskip=\skip57
\c@example=\count283
\c@theorem=\count284
)
(/usr/local/texlive/2025basic/texmf-dist/tex/latex/amsmath/amsmath.sty
Package: amsmath 2024/11/05 v2.17t AMS math features
\@mathmargin=\skip58

For additional information on amsmath, use the `?' option.
(/usr/local/texlive/2025basic/texmf-dist/tex/latex/amsmath/amstext.sty
Package: amstext 2021/08/26 v2.01 AMS text

(/usr/local/texlive/2025basic/texmf-dist/tex/latex/amsmath/amsgen.sty
File: amsgen.sty 1999/11/30 v2.0 generic functions
\@emptytoks=\toks19
\ex@=\dimen150
))
(/usr/local/texlive/2025basic/texmf-dist/tex/latex/amsmath/amsbsy.sty
Package: amsbsy 1999/11/29 v1.2d Bold Symbols
\pmbraise@=\dimen151
)
(/usr/local/texlive/2025basic/texmf-dist/tex/latex/amsmath/amsopn.sty
Package: amsopn 2022/04/08 v2.04 operator names
)
\inf@bad=\count285
LaTeX Info: Redefining \frac on input line 233.
\uproot@=\count286
\leftroot@=\count287
LaTeX Info: Redefining \overline on input line 398.
LaTeX Info: Redefining \colon on input line 409.
\classnum@=\count288
\DOTSCASE@=\count289
LaTeX Info: Redefining \ldots on input line 495.
LaTeX Info: Redefining \dots on input line 498.
LaTeX Info: Redefining \cdots on input line 619.
\Mathstrutbox@=\box52
\strutbox@=\box53
LaTeX Info: Redefining \big on input line 721.
LaTeX Info: Redefining \Big on input line 722.
LaTeX Info: Redefining \bigg on input line 723.
LaTeX Info: Redefining \Bigg on input line 724.
\big@size=\dimen152
LaTeX Font Info:    Redeclaring font encoding OML on input line 742.
LaTeX Font Info:    Redeclaring font encoding OMS on input line 743.
\macc@depth=\count290
LaTeX Info: Redefining \bmod on input line 904.
LaTeX Info: Redefining \pmod on input line 909.
LaTeX Info: Redefining \smash on input line 939.
LaTeX Info: Redefining \relbar on input line 969.
LaTeX Info: Redefining \Relbar on input line 970.
\c@MaxMatrixCols=\count291
\dotsspace@=\muskip18
\c@parentequation=\count292
\dspbrk@lvl=\count293
\tag@help=\toks20
\row@=\count294
\column@=\count295
\maxfields@=\count296
\andhelp@=\toks21
\eqnshift@=\dimen153
\alignsep@=\dimen154
\tagshift@=\dimen155
\tagwidth@=\dimen156
\totwidth@=\dimen157
\lineht@=\dimen158
\@envbody=\toks22
\multlinegap=\skip59
\multlinetaggap=\skip60
\mathdisplay@stack=\toks23
LaTeX Info: Redefining \[ on input line 2953.
LaTeX Info: Redefining \] on input line 2954.
)
(/usr/local/texlive/2025basic/texmf-dist/tex/latex/booktabs/booktabs.sty
Package: booktabs 2020/01/12 v1.61803398 Publication quality tables
\heavyrulewidth=\dimen159
\lightrulewidth=\dimen160
\cmidrulewidth=\dimen161
\belowrulesep=\dimen162
\belowbottomsep=\dimen163
\aboverulesep=\dimen164
\abovetopsep=\dimen165
\cmidrulesep=\dimen166
\cmidrulekern=\dimen167
\defaultaddspace=\dimen168
\@cmidla=\count297
\@cmidlb=\count298
\@aboverulesep=\dimen169
\@belowrulesep=\dimen170
\@thisruleclass=\count299
\@lastruleclass=\count300
\@thisrulewidth=\dimen171
)
(/usr/local/texlive/2025basic/texmf-dist/tex/latex/tools/array.sty
Package: array 2024/10/17 v2.6g Tabular extension package (FMi)
\col@sep=\dimen172
\ar@mcellbox=\box54
\extrarowheight=\dimen173
\NC@list=\toks24
\extratabsurround=\skip61
\backup@length=\skip62
\ar@cellbox=\box55
)
(/usr/local/texlive/2025basic/texmf-dist/tex/latex/lastpage/lastpage.sty
Package: lastpage 2025/08/14 v2.1h lastpage: 2.09 or 2e? (HMM)

(/usr/local/texlive/2025basic/texmf-dist/tex/latex/lastpage/lastpage2e.sty
Package: lastpage2e 2025/08/14 v2.1h Decide which 2e lastpage version to use (H
MM)

(/usr/local/texlive/2025basic/texmf-dist/tex/latex/lastpage/lastpagemodern.sty
Package: lastpagemodern 2025-08-14 v2.1h Refers to last page's name (HMM; JPG)
\c@lastpagecount=\count301
) 
))
(/usr/local/texlive/2025basic/texmf-dist/tex/latex/l3backend/l3backend-pdftex.d
ef
File: l3backend-pdftex.def 2024-05-08 L3 backend support: PDF output (pdfTeX)
\l__color_backend_stack_int=\count302
\l__pdf_internal_box=\box56
) (./stillwell2026b_ecological_inference_structured_erm.aux)
\openout1 = `stillwell2026b_ecological_inference_structured_erm.aux'.

LaTeX Font Info:    Checking defaults for OML/cmm/m/it on input line 25.
LaTeX Font Info:    ... okay on input line 25.
LaTeX Font Info:    Checking defaults for OMS/cmsy/m/n on input line 25.
LaTeX Font Info:    ... okay on input line 25.
LaTeX Font Info:    Checking defaults for OT1/cmr/m/n on input line 25.
LaTeX Font Info:    ... okay on input line 25.
LaTeX Font Info:    Checking defaults for T1/cmr/m/n on input line 25.
LaTeX Font Info:    ... okay on input line 25.
LaTeX Font Info:    Checking defaults for TS1/cmr/m/n on input line 25.
LaTeX Font Info:    ... okay on input line 25.
LaTeX Font Info:    Checking defaults for OMX/cmex/m/n on input line 25.
LaTeX Font Info:    ... okay on input line 25.
LaTeX Font Info:    Checking defaults for U/cmr/m/n on input line 25.
LaTeX Font Info:    ... okay on input line 25.
LaTeX Font Info:    Checking defaults for PD1/pdf/m/n on input line 25.
LaTeX Font Info:    ... okay on input line 25.
LaTeX Font Info:    Checking defaults for PU/pdf/m/n on input line 25.
LaTeX Font Info:    ... okay on input line 25.

(/usr/local/texlive/2025basic/texmf-dist/tex/context/base/mkii/supp-pdf.mkii
[Loading MPS to PDF converter (version 2006.09.02).]
\scratchcounter=\count303
\scratchdimen=\dimen174
\scratchbox=\box57
\nofMPsegments=\count304
\nofMParguments=\count305
\everyMPshowfont=\toks25
\MPscratchCnt=\count306
\MPscratchDim=\dimen175
\MPnumerator=\count307
\makeMPintoPDFobject=\count308
\everyMPtoPDFconversion=\toks26
)
(/usr/local/texlive/2025basic/texmf-dist/tex/latex/epstopdf-pkg/epstopdf-base.s
ty
Package: epstopdf-base 2020-01-24 v2.11 Base part for package epstopdf
Package epstopdf-base Info: Redefining graphics rule for `.eps' on input line 4
85.

(/usr/local/texlive/2025basic/texmf-dist/tex/latex/latexconfig/epstopdf-sys.cfg
File: epstopdf-sys.cfg 2010/07/13 v1.3 Configuration of (r)epstopdf for TeX Liv
e
))
Package hyperref Info: Link coloring OFF on input line 25.
 (./stillwell2026b_ecological_inference_structured_erm.out)
(./stillwell2026b_ecological_inference_structured_erm.out)
\@outlinefile=\write3
\openout3 = `stillwell2026b_ecological_inference_structured_erm.out'.

LaTeX Font Info:    Trying to load font information for U+msa on input line 55.


(/usr/local/texlive/2025basic/texmf-dist/tex/latex/amsfonts/umsa.fd
File: umsa.fd 2013/01/14 v3.01 AMS symbols A
)
LaTeX Font Info:    Trying to load font information for U+msb on input line 55.


(/usr/local/texlive/2025basic/texmf-dist/tex/latex/amsfonts/umsb.fd
File: umsb.fd 2013/01/14 v3.01 AMS symbols B
)
! Missing $ inserted.
<inserted text> 
                $
l.58 ...s} require population-level holdout (\Etwo
                                                  ), not
I've inserted a begin-math/end-math symbol since I think
you left one out. Proceed, with fingers crossed.

! Missing $ inserted.
<inserted text> 
                $
l.61 \end{abstract}
                   
I've inserted a begin-math/end-math symbol since I think
you left one out. Proceed, with fingers crossed.



[1{/Users/stillwell/Library/texlive/2025basic/texmf-var/fonts/map/pdftex/updmap
/pdftex.map}

]
! Missing $ inserted.
<inserted text> 
                $
l.98 (\Eone
           ) while cline and macroecological claims require
I've inserted a begin-math/end-math symbol since I think
you left one out. Proceed, with fingers crossed.

! Missing $ inserted.
<inserted text> 
                $
l.107 
      
I've inserted a begin-math/end-math symbol since I think
you left one out. Proceed, with fingers crossed.


Overfull \hbox (25.00064pt too wide) in paragraph at lines 96--107
\OT1/cmr/m/n/10.95 mates within-population in-ter-po-la-tion (\OT1/cmr/m/sc/10.
95 E$[]\OT1/cmr/m/n/10.95 )\OML/cmm/m/it/10.95 whileclineandmacroecologicalclai
msrequireacross \OMS/cmsy/m/n/10.95 ^^@
 []


Overfull \hbox (367.95726pt too wide) in paragraph at lines 96--107
\OML/cmm/m/it/10.95 sitetransfer\OT1/cmr/m/n/10.95 ([][]); \OML/cmm/m/it/10.95 
thatlatitudeandtemperaturealongsmoothgradientsarestructuredconfounders; notdefa
ultmechanisms\OT1/cmr/m/n/10.95 ; \OML/cmm/m/it/10.95 andthatGrinnelliannicheex
tentistraining \OMS/cmsy/m/n/10.95 ^^@
 []


Overfull \hbox (326.52501pt too wide) in paragraph at lines 96--107
\OML/cmm/m/it/10.95 geographicsurveysaredomain \OMS/cmsy/m/n/10.95 ^^@ \OML/cmm
/m/it/10.95 generalisationproblemswithnestedgroupstructure\OT1/cmr/m/n/10.95 ; 
\OML/cmm/m/it/10.95 LOPOandspatialblockCVarethecorrectholdoutgeometriesforpopul
ation \OMS/cmsy/m/n/10.95 ^^@
 []


Overfull \hbox (9.97997pt too wide) in paragraph at lines 96--107
\OML/cmm/m/it/10.95 levelestimands\OT1/cmr/m/n/10.95 ; \OML/cmm/m/it/10.95 andf
ieldclineswithoutcommon \OMS/cmsy/m/n/10.95 ^^@ \OML/cmm/m/it/10.95 gardendecom
positionminimisecomposite \OMS/cmsy/m/n/10.95 ^^@
 []

! Missing $ inserted.
<inserted text> 
                $
l.117 (\Eone
            --\Ethree) and prove estimand--CV mismatch
I've inserted a begin-math/end-math symbol since I think
you left one out. Proceed, with fingers crossed.

! Missing $ inserted.
<inserted text> 
                $
l.132 
      
I've inserted a begin-math/end-math symbol since I think
you left one out. Proceed, with fingers crossed.


Overfull \hbox (68.8629pt too wide) in paragraph at lines 116--132
[]\OT1/cmr/m/n/10.95 Our con-tri-bu-tions are as fol-lows. First, we state the 
es-ti-mand hi-er-ar-chy (\OT1/cmr/m/sc/10.95 E$[] \OMS/cmsy/m/n/10.95 ^^@ ^^@[]
[]\OT1/cmr/m/n/10.95 )\OML/cmm/m/it/10.95 andproveestimand \OMS/cmsy/m/n/10.95 
^^@
 []


Overfull \hbox (146.82297pt too wide) in paragraph at lines 116--132
\OMS/cmsy/m/n/10.95 ^^@\OML/cmm/m/it/10.95 CVmismatch\OT1/cmr/m/n/10.95 (\OML/c
mm/m/it/10.95 Theorem []\OT1/cmr/m/n/10.95 2[])\OML/cmm/m/it/10.95 :Second; wef
ormaliseconfoundedgeographicgradientsandproxyrankreversal\OT1/cmr/m/n/10.95 (\O
ML/cmm/m/it/10.95 Theorems []\OT1/cmr/m/n/10.95 4[] \OMS/cmsy/m/n/10.95 ^^@
 []


Overfull \hbox (52.27118pt too wide) in paragraph at lines 116--132
\OMS/cmsy/m/n/10.95 ^^@[]\OT1/cmr/m/n/10.95 5[])\OML/cmm/m/it/10.95 :Third; wem
apGrinnelliannicheandrealised \OMS/cmsy/m/n/10.95 ^^@ \OML/cmm/m/it/10.95 niche
contexttosupportandlabelshift\OT1/cmr/m/n/10.95 (\OML/cmm/m/it/10.95 Theorems [
]\OT1/cmr/m/n/10.95 6[] \OMS/cmsy/m/n/10.95 ^^@
 []


Overfull \hbox (107.33382pt too wide) in paragraph at lines 116--132
\OMS/cmsy/m/n/10.95 ^^@[]\OT1/cmr/m/n/10.95 7[])\OML/cmm/m/it/10.95 :Fourth; we
treatplasticityandmechanisticinteractionaslabel \OMS/cmsy/m/n/10.95 ^^@ \OML/cm
m/m/it/10.95 noiseandcertificationproblems\OT1/cmr/m/n/10.95 (\OML/cmm/m/it/10.
95 Theorems []\OT1/cmr/m/n/10.95 8[] \OMS/cmsy/m/n/10.95 ^^@
 []


Overfull \hbox (45.59483pt too wide) in paragraph at lines 116--132
\OMS/cmsy/m/n/10.95 ^^@[]\OT1/cmr/m/n/10.95 10[])\OML/cmm/m/it/10.95 :Fifth; we
validatewithsemi \OMS/cmsy/m/n/10.95 ^^@ \OML/cmm/m/it/10.95 syntheticsimulatio
nandageographicclinereanalysis\OT1/cmr/m/n/10.95 (\OML/cmm/m/it/10.95 Figures [
]\OT1/cmr/m/n/10.95 1[] \OMS/cmsy/m/n/10.95 ^^@
 []


Overfull \hbox (271.12123pt too wide) in paragraph at lines 116--132
\OMS/cmsy/m/n/10.95 ^^@[]\OT1/cmr/m/n/10.95 2[])\OML/cmm/m/it/10.95 :Section []
\OT1/cmr/m/n/10.95 2[]\OML/cmm/m/it/10.95 presentstheformalcorrespondenceandemp
iricalresults\OT1/cmr/m/n/10.95 ; \OML/cmm/m/it/10.95 Section []\OT1/cmr/m/n/10
.95 3[]\OML/cmm/m/it/10.95 discussesscopeandimplications:ExtendedproofsareinApp
endix []A[]:$ 
 []


LaTeX Font Warning: Font shape `OT1/cmr/m/scit' undefined
(Font)              using `OT1/cmr/m/sc' instead on input line 194.

! Missing $ inserted.
<inserted text> 
                $
l.194   \item \Eone
                   \ (within-site): new individuals at known populations.
I've inserted a begin-math/end-math symbol since I think
you left one out. Proceed, with fingers crossed.


! LaTeX Error: Command \item invalid in math mode.

See the LaTeX manual or LaTeX Companion for explanation.
Type  H <return>  for immediate help.
 ...                                              
                                                  
l.195   \item
              \Etwo\ (across-site): new population means at new coordinates.
Try typing  <return>  to proceed.
If that doesn't work, type  X <return>  to quit.

! Missing $ inserted.
<inserted text> 
                $
l.195   \item \Etwo
                   \ (across-site): new population means at new coordinates.
I've inserted a begin-math/end-math symbol since I think
you left one out. Proceed, with fingers crossed.


Overfull \hbox (39.49721pt too wide) in paragraph at lines 194--195
[]\OT1/cmr/m/sc/10.95 E$[] \OT1/cmr/m/n/10.95 (\OML/cmm/m/it/10.95 within \OMS/
cmsy/m/n/10.95 ^^@ \OML/cmm/m/it/10.95 site\OT1/cmr/m/n/10.95 ) : \OML/cmm/m/it
/10.95 newindividualsatknownpopulations:
 []


Underfull \hbox (badness 10000) in paragraph at lines 194--195

 []


LaTeX Font Warning: Font shape `OT1/cmr/m/scit' undefined
(Font)              using `OT1/cmr/m/sc' instead on input line 195.

! Missing $ inserted.
<inserted text> 
                $
l.195   \item \Etwo
                   \ (across-site): new population means at new coordinates.
I've inserted a begin-math/end-math symbol since I think
you left one out. Proceed, with fingers crossed.


! LaTeX Error: Command \item invalid in math mode.

See the LaTeX manual or LaTeX Companion for explanation.
Type  H <return>  for immediate help.
 ...                                              
                                                  
l.196   \item
              \Ethree\ (across-environment): new regions of niche space
Try typing  <return>  to proceed.
If that doesn't work, type  X <return>  to quit.

! Missing $ inserted.
<inserted text> 
                $
l.196   \item \Ethree
                     \ (across-environment): new regions of niche space
I've inserted a begin-math/end-math symbol since I think
you left one out. Proceed, with fingers crossed.


LaTeX Font Warning: Font shape `OT1/cmr/m/scit' undefined
(Font)              using `OT1/cmr/m/sc' instead on input line 196.

! Missing $ inserted.
<inserted text> 
                $
l.196   \item \Ethree
                     \ (across-environment): new regions of niche space
I've inserted a begin-math/end-math symbol since I think
you left one out. Proceed, with fingers crossed.


! LaTeX Error: Command \end{enumerate} invalid in math mode.

See the LaTeX manual or LaTeX Companion for explanation.
Type  H <return>  for immediate help.
 ...                                              
                                                  
l.198 \end{enumerate}
                     
Try typing  <return>  to proceed.
If that doesn't work, type  X <return>  to quit.

! Missing $ inserted.
<inserted text> 
                $
l.198 \end{enumerate}
                     
I've inserted something that you may have forgotten.
(See the <inserted text> above.)
With luck, this will get me unwedged. But if you
really didn't forget anything, try typing `2' now; then
my insertion and my current dilemma will both disappear.


LaTeX Font Warning: Font shape `OT1/cmr/m/scit' undefined
(Font)              using `OT1/cmr/m/sc' instead on input line 205.

! Missing $ inserted.
<inserted text> 
                $
l.205 p)>0$ and the estimand is \Etwo
                                     , $\mathbb{E}[\Rkfold(h)] \neq
I've inserted a begin-math/end-math symbol since I think
you left one out. Proceed, with fingers crossed.


! LaTeX Error: \mathbb allowed only in math mode.

See the LaTeX manual or LaTeX Companion for explanation.
Type  H <return>  for immediate help.
 ...                                              
                                                  
l.205 p)>0$ and the estimand is \Etwo, $\mathbb
                                               {E}[\Rkfold(h)] \neq
You're in trouble here.  Try typing  <return>  to proceed.
If that doesn't work, type  X <return>  to quit.


! Package amsmath Error: \hat allowed only in math mode.

See the amsmath package documentation for explanation.
Type  H <return>  for immediate help.
 ...                                              
                                                  
l.205 ...he estimand is \Etwo, $\mathbb{E}[\Rkfold
                                                  (h)] \neq
You're in trouble here.  Try typing  <return>  to proceed.
If that doesn't work, type  X <return>  to quit.

! Missing $ inserted.
<inserted text> 
                $
l.205 ...he estimand is \Etwo, $\mathbb{E}[\Rkfold
                                                  (h)] \neq
I've inserted a begin-math/end-math symbol since I think
you left one out. Proceed, with fingers crossed.



[2]
! Missing $ inserted.
<inserted text> 
                $
l.210 Individual $k$-fold targets \Eone
                                       \ plus within-population noise; LOPO
I've inserted a begin-math/end-math symbol since I think
you left one out. Proceed, with fingers crossed.

! Missing $ inserted.
<inserted text> 
                $
l.212 \end{proof}
                 
I've inserted something that you may have forgotten.
(See the <inserted text> above.)
With luck, this will get me unwedged. But if you
really didn't forget anything, try typing `2' now; then
my insertion and my current dilemma will both disappear.


Overfull \hbox (93.5272pt too wide) in paragraph at lines 209--213
\OT1/cmr/bx/n/10.95 Proof \OT1/cmr/m/n/10.95 [Proof sketch] In-di-vid-ual $\OML
/cmm/m/it/10.95 k$\OT1/cmr/m/n/10.95 -fold tar-gets \OT1/cmr/m/sc/10.95 E$[] \O
ML/cmm/m/it/10.95 pluswithin \OMS/cmsy/m/n/10.95 ^^@ \OML/cmm/m/it/10.95 popula
tionnoise\OT1/cmr/m/n/10.95 ; \OML/cmm/m/it/10.95 LOPOtargets[][]:Appendix []A[
]: [] 
 []


Underfull \hbox (badness 10000) in paragraph at lines 209--213

 []


LaTeX Font Warning: Font shape `OT1/cmr/m/scit' undefined
(Font)              using `OT1/cmr/m/sc' instead on input line 217.

! Missing $ inserted.
<inserted text> 
                $
l.217 \emph{new site}, the estimand is \Etwo
                                            \ and holdout must partition at the
I've inserted a begin-math/end-math symbol since I think
you left one out. Proceed, with fingers crossed.


! LaTeX Error: Command \end{corollary} invalid in math mode.

See the LaTeX manual or LaTeX Companion for explanation.
Type  H <return>  for immediate help.
 ...                                              
                                                  
l.220 \end{corollary}
                     
Try typing  <return>  to proceed.
If that doesn't work, type  X <return>  to quit.

! Missing $ inserted.
<inserted text> 
                $
l.220 \end{corollary}
                     
I've inserted a begin-math/end-math symbol since I think
you left one out. Proceed, with fingers crossed.


Overfull \hbox (7.11296pt too wide) in paragraph at lines 216--220
[]\OT1/cmr/m/it/10.95 If the sci-en-tific claim is pre-
 []


Overfull \hbox (133.9996pt too wide) in paragraph at lines 216--220
\OT1/cmr/m/it/10.95 dic-tion of a \OT1/cmr/m/n/10.95 new pop-u-la-tion mean \OT
1/cmr/m/it/10.95 at a \OT1/cmr/m/n/10.95 new site\OT1/cmr/m/it/10.95 , the es-t
i-mand is \OT1/cmr/m/sc/10.95 E$[] \OML/cmm/m/it/10.95 andholdoutmustpartitiona
tthepopulationorspatial \OMS/cmsy/m/n/10.95 ^^@
 []


Overfull \hbox (21.51857pt too wide) in paragraph at lines 233--236
[]\OT1/cmr/m/it/10.95 Under gra-di-ent con-found-ing, in-sample
 []


Overfull \hbox (3.73071pt too wide) in paragraph at lines 248--251
[]\OT1/cmr/m/it/10.95 Marginalising un-ob-
 []



[3]
Overfull \hbox (5.67485pt too wide) in paragraph at lines 255--258
[]\OT1/cmr/m/it/10.95 Fitting $\OML/cmm/m/it/10.95 h\OT1/cmr/m/n/10.95 (\OT1/cm
r/bx/n/10.95 x\OT1/cmr/m/n/10.95 )$ \OT1/cmr/m/it/10.95 to field clines with-
 []


LaTeX Font Warning: Font shape `OT1/cmr/m/scit' undefined
(Font)              using `OT1/cmr/m/sc' instead on input line 269.

! Missing $ inserted.
<inserted text> 
                $
l.269 ...on requires (i)~structured holdout (\Etwo
                                                  ) and
I've inserted a begin-math/end-math symbol since I think
you left one out. Proceed, with fingers crossed.


! LaTeX Error: Command \end{proposition} invalid in math mode.

See the LaTeX manual or LaTeX Companion for explanation.
Type  H <return>  for immediate help.
 ...                                              
                                                  
l.272 \end{proposition}
                       
Try typing  <return>  to proceed.
If that doesn't work, type  X <return>  to quit.

! Missing $ inserted.
<inserted text> 
                $
l.272 \end{proposition}
                       
I've inserted a begin-math/end-math symbol since I think
you left one out. Proceed, with fingers crossed.


Overfull \hbox (10.3218pt too wide) in paragraph at lines 269--272
[]\OT1/cmr/m/it/10.95 Mechanism cer-ti-fi-ca-tion re-quires (i) struc-
 []


Overfull \hbox (23.64838pt too wide) in paragraph at lines 269--272
\OT1/cmr/m/it/10.95 tured hold-out (\OT1/cmr/m/sc/10.95 E$[]\OT1/cmr/m/n/10.95 
)\OML/cmm/m/it/10.95 and\OT1/cmr/m/n/10.95 (\OML/cmm/m/it/10.95 ii\OT1/cmr/m/n/
10.95 ) \OML/cmm/m/it/10.95 therequiredinteractionundermanipulation:\OT1/cmr/m/
n/10.95 (\OML/cmm/m/it/10.95 i\OT1/cmr/m/n/10.95 )\OML/cmm/m/it/10.95 alonedoes
notimply\OT1/cmr/m/n/10.95 (\OML/cmm/m/it/10.95 ii\OT1/cmr/m/n/10.95 )\OML/cmm/
m/it/10.95 :
 []


Underfull \hbox (badness 10000) in paragraph at lines 269--272

 []


Overfull \hbox (171.48917pt too wide) in paragraph at lines 278--284
 \OT1/cmr/bx/n/10.95 Semi-synthetic clines.[] \OT1/cmr/m/n/10.95 We sim-u-lated
 500 sur-veys of $\OML/cmm/m/it/10.95 n \OT1/cmr/m/n/10.95 = 95$ pop-u-la-tions
 each (\OT1/cmtt/m/n/10.95 scripts/simulation[]lopo[]confounding.py\OT1/cmr/m/n
/10.95 ):
 []

<outputs/figures/simulation_lopo_mismatch_rates.png, id=179, 397.485pt x 325.21
5pt>
File: outputs/figures/simulation_lopo_mismatch_rates.png Graphic file (type png
)
<use outputs/figures/simulation_lopo_mismatch_rates.png>
Package pdftex.def Info: outputs/figures/simulation_lopo_mismatch_rates.png  us
ed on input line 287.
(pdftex.def)             Requested size: 312.20692pt x 255.44817pt.


[4 <./outputs/figures/simulation_lopo_mismatch_rates.png>]
! Missing $ inserted.
<inserted text> 
                $
l.366 \Eone
           \ or confounded proxies, not \Etwo.  Corollary~\ref{cor:operation...
I've inserted a begin-math/end-math symbol since I think
you left one out. Proceed, with fingers crossed.

! Missing $ inserted.
<inserted text> 
                $
l.372 
      
I've inserted a begin-math/end-math symbol since I think
you left one out. Proceed, with fingers crossed.


Overfull \hbox (393.16656pt too wide) in paragraph at lines 365--372
\OT1/cmr/m/n/10.95 sur-veys op-ti-mises \OT1/cmr/m/sc/10.95 E$[] \OML/cmm/m/it/
10.95 orconfoundedproxies; not[][]:Corollary []\OT1/cmr/m/n/10.95 3[]\OML/cmm/m
/it/10.95 istheactionableoutput \OT1/cmr/m/n/10.95 : \OML/cmm/m/it/10.95 matchh
oldoutunittoestimandbeforeinterpretingBergmannclines; SDMs; orclimate \OMS/cmsy
/m/n/10.95 ^^@
 []


Overfull \hbox (669.1461pt too wide) in paragraph at lines 365--372
\OML/cmm/m/it/10.95 correlatenarratives\OT1/cmr/m/n/10.95 ([][][]\OML/cmm/m/it/
10.95 ; [] \OT1/cmr/m/n/10.95 1999[]; [] [][]\OML/cmm/m/it/10.95 ; [] \OT1/cmr/
m/n/10.95 2012[])\OML/cmm/m/it/10.95 :Externalmappingstudiesalreadyshowspatialh
oldoutdegradesperformance\OT1/cmr/m/n/10.95 ([][][]\OML/cmm/m/it/10.95 ; [] \OT
1/cmr/m/n/10.95 2020[]); \OML/cmm/m/it/10.95 ourframeworkexplains[]aswrongriskf
unctionalsunderconfounding:$ 
 []


Overfull \hbox (28.66212pt too wide) in paragraph at lines 374--378
 \OT1/cmr/bx/n/10.95 What this means for ma-chine learn-ing.[] \OT1/cmr/m/n/10.
95 Ge-o-graphic data are grouped domain-generalisation
 []



[5]
Overfull \hbox (107.41943pt too wide) in paragraph at lines 400--403
 \OT1/cmr/bx/n/10.95 Sim-u-la-tion.[] \OT1/cmr/m/n/10.95 500 repli-cates; $\OML
/cmm/m/it/10.95 n \OT1/cmr/m/n/10.95 = 95$ pop-u-la-tions; gen-er-at-ing ecol-o
gy listed in \OT1/cmtt/m/n/10.95 simulation[]lopo[]confounding.py\OT1/cmr/m/n/1
0.95 ;
 []


Overfull \hbox (35.18478pt too wide) in paragraph at lines 405--408
\OT1/cmr/m/n/10.95 strap pro-to-col in Project 50 ([]Still-well[], []2026b[]). 
Code: \OT1/cmtt/m/n/10.95 scripts/simulation[]lopo[]confounding.py\OT1/cmr/m/n/
10.95 . 
 []

! Missing $ inserted.
<inserted text> 
                $
l.418 $\mathbf{x}_p$, targeting \Eone
                                     \ with extra
I've inserted a begin-math/end-math symbol since I think
you left one out. Proceed, with fingers crossed.


! LaTeX Error: \mathrm allowed only in math mode.

See the LaTeX manual or LaTeX Companion for explanation.
Type  H <return>  for immediate help.
 ...                                              
                                                  
l.419 $\mathrm
              {Var}(\varepsilon_{ip}\mid p)$.  LOPO targets \Etwo.
You're in trouble here.  Try typing  <return>  to proceed.
If that doesn't work, type  X <return>  to quit.

! Missing $ inserted.
<inserted text> 
                $
l.419 $\mathrm{Var}(\varepsilon
                               _{ip}\mid p)$.  LOPO targets \Etwo.
I've inserted a begin-math/end-math symbol since I think
you left one out. Proceed, with fingers crossed.

! Missing $ inserted.
<inserted text> 
                $
l.419 ...epsilon_{ip}\mid p)$.  LOPO targets \Etwo
                                                  .
I've inserted a begin-math/end-math symbol since I think
you left one out. Proceed, with fingers crossed.

! Missing $ inserted.
<inserted text> 
                $
l.420 
      
I've inserted a begin-math/end-math symbol since I think
you left one out. Proceed, with fingers crossed.


Overfull \hbox (36.51851pt too wide) in paragraph at lines 417--420
\OT1/cmr/m/n/10.95 Individual $\OML/cmm/m/it/10.95 k$\OT1/cmr/m/n/10.95 -fold p
laces test and train-ing in-di-vid-u-als at the same $\OT1/cmr/bx/n/10.95 x[]$\
OT1/cmr/m/n/10.95 , tar-get-ing \OT1/cmr/m/sc/10.95 E$[] \OML/cmm/m/it/10.95 wi
thextra$\OT1/cmr/m/n/10.95 Var($\OML/cmm/m/it/10.95 "[] \OMS/cmsy/m/n/10.95 j
 []

(./stillwell2026b_ecological_inference_structured_erm.bbl

[6]
Underfull \hbox (badness 1584) in paragraph at lines 110--114
[]\OT1/cmr/m/n/10.95 Joaquin Quinonero-Candela, Masashi Sugiyama, An-ton Schwai
ghofer, and Neil D.
 []



[7])

[8] 
enddocument/afterlastpage (AED): lastpage setting LastPage.
(./stillwell2026b_ecological_inference_structured_erm.aux)
 ***********
LaTeX2e <2024-11-01> patch level 2
L3 programming layer <2025-01-18>
 ***********
Package rerunfilecheck Info: File `stillwell2026b_ecological_inference_structur
ed_erm.out' has not changed.
(rerunfilecheck)             Checksum: EE93CC1F0ABA33F616145DF534280CDA;1885.
 ) 
Here is how much of TeX's memory you used:
 10621 strings out of 474662
 163294 string characters out of 5751110
 566698 words of memory out of 5000000
 33453 multiletter control sequences out of 15000+600000
 573361 words of font info for 89 fonts, out of 8000000 for 9000
 319 hyphenation exceptions out of 8191
 90i,14n,93p,403b,580s stack positions out of 10000i,1000n,20000p,200000b,200000s
 </Users/stillwell/Library/texlive/2025basic/texmf-var/fonts/pk/ljfour/jknapp
en/ec/tcrm0800.600pk></usr/local/texlive/2025basic/texmf-dist/fonts/type1/publi
c/amsfonts/cm/cmbx10.pfb></usr/local/texlive/2025basic/texmf-dist/fonts/type1/p
ublic/amsfonts/cm/cmbx12.pfb></usr/local/texlive/2025basic/texmf-dist/fonts/typ
e1/public/amsfonts/cm/cmbx7.pfb></usr/local/texlive/2025basic/texmf-dist/fonts/
type1/public/amsfonts/cm/cmcsc10.pfb></usr/local/texlive/2025basic/texmf-dist/f
onts/type1/public/amsfonts/cm/cmmi10.pfb></usr/local/texlive/2025basic/texmf-di
st/fonts/type1/public/amsfonts/cm/cmmi8.pfb></usr/local/texlive/2025basic/texmf
-dist/fonts/type1/public/amsfonts/cm/cmmib10.pfb></usr/local/texlive/2025basic/
texmf-dist/fonts/type1/public/amsfonts/cm/cmr10.pfb></usr/local/texlive/2025bas
ic/texmf-dist/fonts/type1/public/amsfonts/cm/cmr7.pfb></usr/local/texlive/2025b
asic/texmf-dist/fonts/type1/public/amsfonts/cm/cmr8.pfb></usr/local/texlive/202
5basic/texmf-dist/fonts/type1/public/amsfonts/cm/cmsy10.pfb></usr/local/texlive
/2025basic/texmf-dist/fonts/type1/public/amsfonts/cm/cmsy8.pfb></usr/local/texl
ive/2025basic/texmf-dist/fonts/type1/public/amsfonts/cm/cmti10.pfb></usr/local/
texlive/2025basic/texmf-dist/fonts/type1/public/amsfonts/cm/cmtt10.pfb></usr/lo
cal/texlive/2025basic/texmf-dist/fonts/type1/public/amsfonts/cm/cmtt8.pfb></usr
/local/texlive/2025basic/texmf-dist/fonts/type1/public/amsfonts/symbols/msbm10.
pfb>
Output written on stillwell2026b_ecological_inference_structured_erm.pdf (8 pag
es, 274050 bytes).
PDF statistics:
 338 PDF objects out of 1000 (max. 8388607)
 290 compressed objects within 3 object streams
 60 named destinations out of 1000 (max. 500000)
 94 words of extra memory for PDF output out of 10000 (max. 10000000)

